// Jest Snapshot v1, https://goo.gl/fbAQLP

exports[`LibraryActions has proper component structure 1`] = `
<View
  style={
    {
      "alignItems": "center",
      "flexDirection": "row",
      "gap": 8,
      "marginBottom": 16,
    }
  }
>
  <View>
    <TextInput
      onChangeText={[MockFunction]}
      onSearchClear={[MockFunction]}
      placeholder="Search activities..."
      style={
        {
          "flex": 1,
        }
      }
      value=""
    />
  </View>
  <View>
    <TouchableOpacity
      onPress={[MockFunction]}
      style={
        {
          "opacity": 0.7,
        }
      }
      testID="sort-toggle-button"
    >
      <View
        testID="sort-inactive"
      />
    </TouchableOpacity>
  </View>
</View>
`;
