// Jest Snapshot v1, https://goo.gl/fbAQLP

exports[`LibraryHeader has proper component structure 1`] = `
<View
  style={
    [
      {
        "elevation": 2,
        "paddingHorizontal": 16,
        "paddingVertical": 16,
        "shadowColor": "#000",
        "shadowOffset": {
          "height": 2,
          "width": 0,
        },
        "shadowOpacity": 0.08,
        "shadowRadius": 4,
      },
      {
        "backgroundColor": "#007AFF",
      },
    ]
  }
>
  <View
    style={
      {
        "alignItems": "center",
        "flexDirection": "row",
        "justifyContent": "space-between",
        "minHeight": 44,
      }
    }
  >
    <View
      style={
        {
          "alignItems": "center",
          "flex": 1,
        }
      }
    >
      <Text
        style={
          {
            "color": "white",
            "fontFamily": "'Comic Relief', 'Comic Sans MS', cursive",
            "fontSize": 20,
            "fontWeight": "bold",
            "textAlign": "center",
          }
        }
      >
        Activity Library
      </Text>
    </View>
    <TouchableOpacity
      accessibilityLabel="Close Activity Library"
      onPress={[MockFunction]}
      style={
        {
          "alignItems": "center",
          "backgroundColor": "rgba(255, 255, 255, 0.1)",
          "borderRadius": 8,
          "height": 44,
          "justifyContent": "center",
          "width": 44,
        }
      }
    >
      <Icon
        color="white"
        name="close"
        size={24}
      />
    </TouchableOpacity>
  </View>
</View>
`;
